// Jest Snapshot v1, https://goo.gl/fbAQLP

exports[`renders without crashing InputField All Properties 1`] = `
<div
  className="bp3-form-group bp3-inline sc-bdVaJa sc-bwzfXH kbuCwl"
>
  <div
    className="bp3-form-content"
  >
    <label
      className="field-label"
    >
      Username
    </label>
    <div
      className="gsi-form-field-container"
    >
      <div
        className="gsi-input-and-error-container"
      >
        <div
          className="bp3-input-group bp3-large"
        >
          <input
            className="bp3-input"
            id="test-input"
            name="test-input"
            onChange={[Function]}
            placeholder="Username"
            style={
              Object {
                "paddingRight": 10,
              }
            }
            value=""
          />
          <span
            className="bp3-input-action"
          >
            <div />
          </span>
        </div>
      </div>
    </div>
  </div>
</div>
`;
