// Jest Snapshot v1, https://goo.gl/fbAQLP

exports[`render correctly Suspense Loading 1`] = `<div />`;
